Flow report for altera_fpga_newbie_tutorial
Tue Aug 12 15:07:56 2025
Quartus Prime Version 24.1std.0 Build 1077 03/04/2025 SC Lite Edition


---------------------
; Table of Contents ;
---------------------
  1. Legal Notice
  2. Flow Summary
  3. Flow Settings
  4. Flow Non-Default Global Settings
  5. Flow Elapsed Time
  6. Flow OS Summary
  7. Flow Log
  8. Flow Messages
  9. Flow Suppressed Messages



----------------
; Legal Notice ;
----------------
Copyright (C) 2025  Altera Corporation. All rights reserved.
Your use of Altera Corporation's design tools, logic functions 
and other software and tools, and any partner logic 
functions, and any output files from any of the foregoing 
(including device programming or simulation files), and any 
associated documentation or information are expressly subject 
to the terms and conditions of the Altera Program License 
Subscription Agreement, the Altera Quartus Prime License Agreement,
the Altera IP License Agreement, or other applicable license
agreement, including, without limitation, that your use is for
the sole purpose of programming logic devices manufactured by
Altera and sold by Altera or its authorized distributors.  Please
refer to the Altera Software License Subscription Agreements 
on the Quartus Prime software download page.



+-------------------------------------------------------------------------------------------+
; Flow Summary                                                                              ;
+------------------------------------+------------------------------------------------------+
; Flow Status                        ; EDA Netlist Writer Failed - Tue Aug 12 15:07:56 2025 ;
; Quartus Prime Version              ; 24.1std.0 Build 1077 03/04/2025 SC Lite Edition      ;
; Revision Name                      ; altera_fpga_newbie_tutorial                          ;
; Top-level Entity Name              ; main                                                 ;
; Family                             ; Cyclone IV E                                         ;
; Device                             ; EP4CE6E22C8                                          ;
; Timing Models                      ; Final                                                ;
; Total logic elements               ; 31 / 6,272 ( < 1 % )                                 ;
;     Total combinational functions  ; 31 / 6,272 ( < 1 % )                                 ;
;     Dedicated logic registers      ; 27 / 6,272 ( < 1 % )                                 ;
; Total registers                    ; 27                                                   ;
; Total pins                         ; 6 / 92 ( 7 % )                                       ;
; Total virtual pins                 ; 0                                                    ;
; Total memory bits                  ; 0 / 276,480 ( 0 % )                                  ;
; Embedded Multiplier 9-bit elements ; 0 / 30 ( 0 % )                                       ;
; Total PLLs                         ; 1 / 2 ( 50 % )                                       ;
+------------------------------------+------------------------------------------------------+


+-------------------------------------------------+
; Flow Settings                                   ;
+-------------------+-----------------------------+
; Option            ; Setting                     ;
+-------------------+-----------------------------+
; Start date & time ; 08/12/2025 14:57:41         ;
; Main task         ; Compilation                 ;
; Revision Name     ; altera_fpga_newbie_tutorial ;
+-------------------+-----------------------------+


+--------------------------------------------------------------------------------------------------------------------------------------------------------------+
; Flow Non-Default Global Settings                                                                                                                             ;
+-------------------------------------+----------------------------------------+-----------------------------+-------------+-----------------------------------+
; Assignment Name                     ; Value                                  ; Default Value               ; Entity Name ; Section Id                        ;
+-------------------------------------+----------------------------------------+-----------------------------+-------------+-----------------------------------+
; COMPILER_SIGNATURE_ID               ; 176184395710803.175497466104116        ; --                          ; --          ; --                                ;
; EDA_GENERATE_FUNCTIONAL_NETLIST     ; Off                                    ; --                          ; --          ; eda_board_design_timing           ;
; EDA_GENERATE_FUNCTIONAL_NETLIST     ; Off                                    ; --                          ; --          ; eda_board_design_boundary_scan    ;
; EDA_GENERATE_FUNCTIONAL_NETLIST     ; Off                                    ; --                          ; --          ; eda_board_design_signal_integrity ;
; EDA_GENERATE_FUNCTIONAL_NETLIST     ; Off                                    ; --                          ; --          ; eda_board_design_symbol           ;
; EDA_OUTPUT_DATA_FORMAT              ; Vhdl                                   ; --                          ; --          ; eda_simulation                    ;
; EDA_SIMULATION_TOOL                 ; Questa Intel FPGA (VHDL)               ; <None>                      ; --          ; --                                ;
; EDA_TIME_SCALE                      ; 1 ps                                   ; --                          ; --          ; eda_simulation                    ;
; MAX_CORE_JUNCTION_TEMP              ; 85                                     ; --                          ; --          ; --                                ;
; MIN_CORE_JUNCTION_TEMP              ; 0                                      ; --                          ; --          ; --                                ;
; MISC_FILE                           ; pll.bsf                                ; --                          ; --          ; --                                ;
; MISC_FILE                           ; pll_inst.v                             ; --                          ; --          ; --                                ;
; MISC_FILE                           ; pll_bb.v                               ; --                          ; --          ; --                                ;
; MISC_FILE                           ; pll.ppf                                ; --                          ; --          ; --                                ;
; MISC_FILE                           ; counter_bus_mux.bsf                    ; --                          ; --          ; --                                ;
; MISC_FILE                           ; counter_bus_mux_inst.v                 ; --                          ; --          ; --                                ;
; MISC_FILE                           ; counter_bus_mux_bb.v                   ; --                          ; --          ; --                                ;
; NOMINAL_CORE_SUPPLY_VOLTAGE         ; 1.2V                                   ; --                          ; --          ; --                                ;
; PARTITION_COLOR                     ; -- (Not supported for targeted family) ; --                          ; main        ; Top                               ;
; PARTITION_FITTER_PRESERVATION_LEVEL ; -- (Not supported for targeted family) ; --                          ; main        ; Top                               ;
; PARTITION_NETLIST_TYPE              ; -- (Not supported for targeted family) ; --                          ; main        ; Top                               ;
; POWER_BOARD_THERMAL_MODEL           ; None (CONSERVATIVE)                    ; --                          ; --          ; --                                ;
; POWER_PRESET_COOLING_SOLUTION       ; 23 MM HEAT SINK WITH 200 LFPM AIRFLOW  ; --                          ; --          ; --                                ;
; PROJECT_OUTPUT_DIRECTORY            ; output_files                           ; --                          ; --          ; --                                ;
; TOP_LEVEL_ENTITY                    ; main                                   ; altera_fpga_newbie_tutorial ; --          ; --                                ;
+-------------------------------------+----------------------------------------+-----------------------------+-------------+-----------------------------------+


+--------------------------------------------------------------------------------------------------------------------------+
; Flow Elapsed Time                                                                                                        ;
+----------------------+--------------+-------------------------+---------------------+------------------------------------+
; Module Name          ; Elapsed Time ; Average Processors Used ; Peak Virtual Memory ; Total CPU Time (on all processors) ;
+----------------------+--------------+-------------------------+---------------------+------------------------------------+
; Analysis & Synthesis ; 00:00:10     ; 1.0                     ; 4943 MB             ; 00:00:25                           ;
; Fitter               ; 00:00:03     ; 1.1                     ; 6508 MB             ; 00:00:04                           ;
; Assembler            ; 00:00:00     ; 1.0                     ; 4717 MB             ; 00:00:01                           ;
; Timing Analyzer      ; 00:00:02     ; 1.1                     ; 4891 MB             ; 00:00:01                           ;
; EDA Netlist Writer   ; 00:00:00     ; 1.0                     ; 4657 MB             ; 00:00:00                           ;
; EDA Netlist Writer   ; 00:00:00     ; 1.0                     ; 4656 MB             ; 00:00:00                           ;
; EDA Netlist Writer   ; 00:00:00     ; 1.0                     ; 4656 MB             ; 00:00:00                           ;
; EDA Netlist Writer   ; 00:00:01     ; 1.0                     ; 4656 MB             ; 00:00:00                           ;
; Total                ; 00:00:16     ; --                      ; --                  ; 00:00:31                           ;
+----------------------+--------------+-------------------------+---------------------+------------------------------------+


+------------------------------------------------------------------------------------+
; Flow OS Summary                                                                    ;
+----------------------+------------------+------------+------------+----------------+
; Module Name          ; Machine Hostname ; OS Name    ; OS Version ; Processor type ;
+----------------------+------------------+------------+------------+----------------+
; Analysis & Synthesis ; ArlulaLaptopCat  ; Windows 10 ; 10.0       ; x86_64         ;
; Fitter               ; ArlulaLaptopCat  ; Windows 10 ; 10.0       ; x86_64         ;
; Assembler            ; ArlulaLaptopCat  ; Windows 10 ; 10.0       ; x86_64         ;
; Timing Analyzer      ; ArlulaLaptopCat  ; Windows 10 ; 10.0       ; x86_64         ;
; EDA Netlist Writer   ; ArlulaLaptopCat  ; Windows 10 ; 10.0       ; x86_64         ;
; EDA Netlist Writer   ; ArlulaLaptopCat  ; Windows 10 ; 10.0       ; x86_64         ;
; EDA Netlist Writer   ; ArlulaLaptopCat  ; Windows 10 ; 10.0       ; x86_64         ;
; EDA Netlist Writer   ; ArlulaLaptopCat  ; Windows 10 ; 10.0       ; x86_64         ;
+----------------------+------------------+------------+------------+----------------+


------------
; Flow Log ;
------------
quartus_map --read_settings_files=on --write_settings_files=off altera_fpga_newbie_tutorial -c altera_fpga_newbie_tutorial
quartus_fit --read_settings_files=off --write_settings_files=off altera_fpga_newbie_tutorial -c altera_fpga_newbie_tutorial
quartus_asm --read_settings_files=off --write_settings_files=off altera_fpga_newbie_tutorial -c altera_fpga_newbie_tutorial
quartus_sta altera_fpga_newbie_tutorial -c altera_fpga_newbie_tutorial
quartus_eda --read_settings_files=off --write_settings_files=off altera_fpga_newbie_tutorial -c altera_fpga_newbie_tutorial
quartus_eda --gen_testbench --tool=modelsim_oem --format=verilog --write_settings_files=off altera_fpga_newbie_tutorial -c altera_fpga_newbie_tutorial --vector_source=C:/Users/elena/OneDrive/Documents/FPGA/altera_fpga_newbie_tutorial/output_files/Waveform.vwf --testbench_file=C:/Users/elena/OneDrive/Documents/FPGA/altera_fpga_newbie_tutorial/simulation/qsim/output_files/Waveform.vwf.vt
quartus_eda --gen_testbench --tool=modelsim_oem --format=verilog --write_settings_files=off altera_fpga_newbie_tutorial -c altera_fpga_newbie_tutorial --vector_source=C:/Users/elena/OneDrive/Documents/FPGA/altera_fpga_newbie_tutorial/output_files/Waveform.vwf --testbench_file=C:/Users/elena/OneDrive/Documents/FPGA/altera_fpga_newbie_tutorial/simulation/qsim/output_files/Waveform.vwf.vt
quartus_eda --gen_testbench --tool=modelsim_oem --format=verilog --write_settings_files=off altera_fpga_newbie_tutorial -c altera_fpga_newbie_tutorial --vector_source=C:/Users/elena/OneDrive/Documents/FPGA/altera_fpga_newbie_tutorial/output_files/Waveform.vwf --testbench_file=C:/Users/elena/OneDrive/Documents/FPGA/altera_fpga_newbie_tutorial/simulation/qsim/output_files/Waveform.vwf.vt



